[iau.ae/wp-content/uploads/2020/08/IAU-icon.png]
[backblue.gif]
[fade.gif]
[index.html]
[iau.ae/comments/feed/index.html]
[iau.ae/feed/index.html]
[iau.ae/wp-content/uploads/2021/11/bak34.jpg]
[iau.ae/wp-includes/js/jquery/jquery.mina7a0.js]
[iau.ae/wp-includes/js/jquery/jquery-migrate.mind617.js]
[iau.ae/wp-content/plugins/elementor/assets/lib/font-awesome/js/v4-shims.min9e95.js]
[iau.ae/wp-json/index.html]
[iau.ae/xmlrpc0db0.php]
[iau.ae/wp-includes/wlwmanifest.xml]
[iau.ae/wp-json/oembed/1.0/embed1e83.json]
[iau.ae/wp-json/oembed/1.0/embedde9c]
[iau.ae/wp-content/uploads/2020/08/IAU-icon-50x50.png]
[iau.ae/wp-content/uploads/2020/08/IAU-LOGO-WEB.png]
[iau.ae/wp-content/uploads/2020/08/IAU-M-LOGO-1.png]
[iau.ae/wp-content/uploads/2020/08/1W1A7907-768x512.jpg]
[iau.ae/wp-content/uploads/2020/08/1W1A7926-768x512.jpg]
[iau.ae/wp-content/uploads/2020/08/DSC_0158-768x512.jpg]
[iau.ae/wp-content/uploads/2020/08/DSC_8195-768x513.jpg]
[iau.ae/wp-content/uploads/2022/03/engineer-1.png]
[iau.ae/wp-content/uploads/2022/03/handshake-2.png]
[iau.ae/wp-content/uploads/2022/03/management-1.png]
[iau.ae/wp-content/uploads/2022/03/architect-1.png]
[iau.ae/wp-content/uploads/2022/03/balance-1.png]
[iau.ae/wp-content/uploads/2022/03/team-1.png]
[iau.ae/wp-content/uploads/2022/03/Build-e1647261827223.png]
[iau.ae/wp-content/uploads/2022/03/expo-260x130.jpg]
[iau.ae/wp-content/uploads/2021/11/DSC_6399-219x146.jpg]
[iau.ae/wp-content/uploads/2021/11/DSC_6417-219x146.jpg]
[iau.ae/wp-content/uploads/2022/03/career-fair-2-110x146.png]
[iau.ae/wp-content/uploads/2022/02/Career-Fair-1-260x120.jpg]
[iau.ae/wp-content/uploads/2021/01/8e74101-114x146.jpg]
[iau.ae/wp-content/uploads/2020/08/dr-288x300.jpg]
[iau.ae/wp-content/plugins/contact-form-7/includes/swv/js/index77e1.js]
[iau.ae/wp-content/plugins/contact-form-7/includes/js/index77e1.js]
[iau.ae/wp-includes/js/jquery/ui/core.min3f14.js]
[iau.ae/wp-includes/js/jquery/ui/tabs.min3f14.js]
[iau.ae/wp-content/themes/betheme/js/plugins/debouncedresize.min8dfd.js]
[iau.ae/wp-content/themes/betheme/js/plugins/magnificpopup.min8dfd.js]
[iau.ae/wp-content/themes/betheme/js/menu8dfd.js]
[iau.ae/wp-content/themes/betheme/js/plugins/visible.min8dfd.js]
[iau.ae/wp-content/themes/betheme/assets/animations/animations.min8dfd.js]
[iau.ae/wp-content/themes/betheme/assets/jplayer/jplayer.min8dfd.js]
[iau.ae/wp-content/themes/betheme/js/plugins/enllax.min8dfd.js]
[iau.ae/wp-content/themes/betheme/js/parallax/translate3d8dfd.js]
[iau.ae/wp-content/themes/betheme/js/scripts8dfd.js]
[iau.ae/wp-content/plugins/3d-flipbook-dflip-lite/assets/js/dflip.minf8ba.js]
[iau.ae/wp-content/plugins/essential-addons-for-elementor-lite/assets/front-end/js/view/general.min7661.js]
[iau.ae/wp-content/uploads/essential-addons-elementor/eael-6b42f.js]
[iau.ae/wp-content/plugins/sina-extension-for-elementor/assets/js/owl.carousel.minedb1.js]
[iau.ae/wp-content/plugins/sina-extension-for-elementor/assets/js/sina-widgets.minedb1.js]
[iau.ae/wp-content/plugins/jetsticky-for-elementor/assets/js/lib/ResizeSensor.min7d4c.js]
[iau.ae/wp-content/plugins/jetsticky-for-elementor/assets/js/lib/sticky-sidebar/sticky-sidebar.min3d36.js]
[iau.ae/wp-content/plugins/jetsticky-for-elementor/assets/js/lib/jsticky/jquery.jstickyf488.js]
[iau.ae/wp-content/plugins/elementor/assets/js/webpack.runtime.min9e95.js]
[iau.ae/wp-content/plugins/elementor/assets/js/frontend-modules.min9e95.js]
[iau.ae/wp-content/plugins/elementor/assets/lib/waypoints/waypoints.min05da.js]
[iau.ae/wp-content/plugins/elementor/assets/lib/swiper/swiper.min48f5.js]
[iau.ae/wp-content/plugins/elementor/assets/lib/share-link/share-link.min9e95.js]
[iau.ae/wp-content/plugins/elementor/assets/lib/dialog/dialog.mind227.js]
[iau.ae/wp-content/plugins/elementor/assets/js/frontend.min9e95.js]
[iau.ae/wp-content/plugins/jetsticky-for-elementor/assets/js/jet-sticky-frontend4bf4.js]
[iau.ae/wp-content/plugins/elementor/assets/js/preloaded-modules.min9e95.js]
[iau.ae/index.html]
[iau.ae/wp-content/plugins/sina-extension-for-elementor/assets/css/sina-morphing.minedb1.css]
[iau.ae/wp-includes/css/dist/block-library/style.min9b2d.css]
[iau.ae/wp-includes/css/classic-themes.min68b3.css]
[iau.ae/wp-content/plugins/contact-form-7/includes/css/styles77e1.css]
[iau.ae/wp-content/plugins/sina-extension-for-elementor/admin/assets/css/fonts/icofont.woff2]
[iau.ae/wp-content/plugins/sina-extension-for-elementor/admin/assets/css/fonts/icofont.woff]
[iau.ae/wp-content/plugins/sina-extension-for-elementor/admin/assets/css/icofont.minedb1.css]
[iau.ae/wp-content/plugins/elementor/assets/lib/font-awesome/fonts/fontawesome-webfont3e6e.eot]
[iau.ae/wp-content/plugins/elementor/assets/lib/font-awesome/fonts/fontawesome-webfontd41d.eot]
[iau.ae/wp-content/plugins/elementor/assets/lib/font-awesome/fonts/fontawesome-webfont3e6e.woff2]
[iau.ae/wp-content/plugins/elementor/assets/lib/font-awesome/fonts/fontawesome-webfont3e6e.woff]
[iau.ae/wp-content/plugins/elementor/assets/lib/font-awesome/fonts/fontawesome-webfont3e6e.ttf]
[iau.ae/wp-content/plugins/elementor/assets/lib/font-awesome/css/font-awesome.min1849.css]
[iau.ae/wp-content/themes/betheme/fonts/mfn/icons4cdc.eot]
[iau.ae/wp-content/themes/betheme/fonts/mfn/icons4cdc.woff]
[iau.ae/wp-content/themes/betheme/fonts/mfn/icons4cdc.ttf]
[iau.ae/wp-content/themes/betheme/images/stripes/stripes_5_b.png]
[iau.ae/wp-content/themes/betheme/images/stripes/stripes_3_b.png]
[iau.ae/wp-content/themes/betheme/images/preloader.gif]
[iau.ae/wp-content/themes/betheme/images/box_shadow.png]
[iau.ae/wp-content/themes/betheme/images/blog_masonry_tile_gradient.png]
[iau.ae/wp-content/themes/betheme/images/timeline_right.png]
[iau.ae/wp-content/themes/betheme/images/recent_comments.png]
[iau.ae/wp-content/themes/betheme/images/stripes/stripes_10_w.png]
[iau.ae/wp-content/themes/betheme/images/videomask.png]
[iau.ae/wp-content/themes/betheme/images/stripes/textline_dark.png]
[iau.ae/wp-content/themes/betheme/images/fancy_heading_hr_dark.png]
[iau.ae/wp-content/themes/betheme/images/stripes/stripes_10_b.png]
[iau.ae/wp-content/themes/betheme/images/timeline_top.png]
[iau.ae/wp-content/themes/betheme/images/timeline_left.png]
[iau.ae/wp-content/themes/betheme/images/fancy_heading_hr.png]
[iau.ae/wp-content/themes/betheme/images/bg_panel.png]
[iau.ae/wp-content/themes/betheme/css/be8dfd.css]
[iau.ae/wp-content/themes/betheme/assets/animations/animations.min8dfd.css]
[iau.ae/wp-content/themes/betheme/fonts/fontawesome/fa-brands-400.eot]
[iau.ae/wp-content/themes/betheme/fonts/fontawesome/fa-brands-400d41d.eot]
[iau.ae/wp-content/themes/betheme/fonts/fontawesome/fa-brands-400.woff2]
[iau.ae/wp-content/themes/betheme/fonts/fontawesome/fa-brands-400.woff]
[iau.ae/wp-content/themes/betheme/fonts/fontawesome/fa-brands-400.ttf]
[iau.ae/wp-content/themes/betheme/fonts/fontawesome/fa-regular-400.eot]
[iau.ae/wp-content/themes/betheme/fonts/fontawesome/fa-regular-400d41d.eot]
[iau.ae/wp-content/themes/betheme/fonts/fontawesome/fa-regular-400.woff2]
[iau.ae/wp-content/themes/betheme/fonts/fontawesome/fa-regular-400.woff]
[iau.ae/wp-content/themes/betheme/fonts/fontawesome/fa-regular-400.ttf]
[iau.ae/wp-content/themes/betheme/fonts/fontawesome/fa-solid-900.eot]
[iau.ae/wp-content/themes/betheme/fonts/fontawesome/fa-solid-900d41d.eot]
[iau.ae/wp-content/themes/betheme/fonts/fontawesome/fa-solid-900.woff2]
[iau.ae/wp-content/themes/betheme/fonts/fontawesome/fa-solid-900.woff]
[iau.ae/wp-content/themes/betheme/fonts/fontawesome/fa-solid-900.ttf]
[iau.ae/wp-content/themes/betheme/fonts/fontawesome/fontawesome8dfd.css]
[iau.ae/wp-content/themes/betheme/assets/jplayer/css/jplayer.png]
[iau.ae/wp-content/themes/betheme/assets/jplayer/css/jplayer.blue.monday.jpg]
[iau.ae/wp-content/themes/betheme/assets/jplayer/css/jplayer.blue.monday.seeking.gif]
[iau.ae/wp-content/themes/betheme/assets/jplayer/css/jplayer.blue.monday.min8dfd.css]
[iau.ae/wp-content/themes/betheme/css/responsive8dfd.css]
[iau.ae/wp-content/plugins/3d-flipbook-dflip-lite/assets/fonts/themify.eot]
[iau.ae/wp-content/plugins/3d-flipbook-dflip-lite/assets/fonts/themifyd41d.eot]
[iau.ae/wp-content/plugins/3d-flipbook-dflip-lite/assets/fonts/themify.woff]
[iau.ae/wp-content/plugins/3d-flipbook-dflip-lite/assets/fonts/themify.ttf]
[iau.ae/wp-content/plugins/3d-flipbook-dflip-lite/assets/css/themify-icons.minf8ba.css]
[iau.ae/wp-content/plugins/3d-flipbook-dflip-lite/assets/images/loading.gif]
[iau.ae/wp-content/plugins/3d-flipbook-dflip-lite/assets/css/dflip.minf8ba.css]
[iau.ae/wp-content/uploads/elementor/css/custom-frontend-legacy.min9e95.css]
[iau.ae/wp-content/uploads/elementor/css/custom-frontend.minc2ab.css]
[iau.ae/wp-content/plugins/essential-addons-for-elementor-lite/assets/front-end/css/view/general.min7661.css]
[iau.ae/wp-content/uploads/essential-addons-elementor/eael-6b42f.css]
[iau.ae/wp-content/plugins/elementor/assets/lib/eicons/fonts/eicons1075.eot]
[iau.ae/wp-content/plugins/elementor/assets/lib/eicons/fonts/eicons1075.woff2]
[iau.ae/wp-content/plugins/elementor/assets/lib/eicons/fonts/eicons1075.woff]
[iau.ae/wp-content/plugins/elementor/assets/lib/eicons/fonts/eicons1075.ttf]
[iau.ae/wp-content/plugins/elementor/assets/lib/eicons/css/elementor-icons.min91ce.css]
[iau.ae/wp-content/plugins/essential-addons-for-elementor-lite/assets/admin/images/templately/logo-icon.svg]
[iau.ae/wp-content/uploads/elementor/css/post-277b24e.css]
[iau.ae/wp-content/plugins/jetsticky-for-elementor/assets/css/jet-sticky-frontend4bf4.css]
[iau.ae/wp-content/plugins/elementor/assets/lib/font-awesome/webfonts/fa-brands-400.eot]
[iau.ae/wp-content/plugins/elementor/assets/lib/font-awesome/webfonts/fa-brands-400d41d.eot]
[iau.ae/wp-content/plugins/elementor/assets/lib/font-awesome/webfonts/fa-brands-400.woff2]
[iau.ae/wp-content/plugins/elementor/assets/lib/font-awesome/webfonts/fa-brands-400.woff]
[iau.ae/wp-content/plugins/elementor/assets/lib/font-awesome/webfonts/fa-brands-400.ttf]
[iau.ae/wp-content/plugins/elementor/assets/lib/font-awesome/webfonts/fa-regular-400.eot]
[iau.ae/wp-content/plugins/elementor/assets/lib/font-awesome/webfonts/fa-regular-400d41d.eot]
[iau.ae/wp-content/plugins/elementor/assets/lib/font-awesome/webfonts/fa-regular-400.woff2]
[iau.ae/wp-content/plugins/elementor/assets/lib/font-awesome/webfonts/fa-regular-400.woff]
[iau.ae/wp-content/plugins/elementor/assets/lib/font-awesome/webfonts/fa-regular-400.ttf]
[iau.ae/wp-content/plugins/elementor/assets/lib/font-awesome/webfonts/fa-solid-900.eot]
[iau.ae/wp-content/plugins/elementor/assets/lib/font-awesome/webfonts/fa-solid-900d41d.eot]
[iau.ae/wp-content/plugins/elementor/assets/lib/font-awesome/webfonts/fa-solid-900.woff2]
[iau.ae/wp-content/plugins/elementor/assets/lib/font-awesome/webfonts/fa-solid-900.woff]
[iau.ae/wp-content/plugins/elementor/assets/lib/font-awesome/webfonts/fa-solid-900.ttf]
[iau.ae/wp-content/plugins/elementor/assets/lib/font-awesome/css/all.min9e95.css]
[iau.ae/wp-content/plugins/elementor/assets/lib/font-awesome/css/v4-shims.min9e95.css]
[iau.ae/wp-content/uploads/2020/08/DSC_8195.jpg]
[iau.ae/wp-content/uploads/2021/12/mis.jpg]
[iau.ae/wp-content/uploads/2022/02/Sustainability_oceanis.jpg]
[iau.ae/wp-content/uploads/elementor/css/post-678de.css]
[iau.ae/wp-content/plugins/team-members/inc/css/tmm_style9b2d.css]
[iau.ae/wp-content/themes/betheme-child/style9b2d.css]
[fonts.googleapis.com/earlyaccess/notonaskharabic9b2d.css]
[iau.ae/wp-content/plugins/elementor/assets/lib/font-awesome/css/fontawesome.min52d5.css]
[iau.ae/wp-content/plugins/elementor/assets/lib/font-awesome/css/solid.min52d5.css]
[iau.ae/wp-json/wp/v2/pages/6.json]
[iau.ae/wp-content/plugins/3d-flipbook-dflip-lite/assets/index.html]
[iau.ae/wp-json/oembed/1.0/embed03a0.json]
[iau.ae/wp-json/oembed/1.0/embed1164]
[iau.ae/iau-dubai/index.html]
[iau.ae/wp-content/uploads/2020/08/dr.jpg]
[iau.ae/wp-json/oembed/1.0/embedea43.json]
[iau.ae/wp-json/oembed/1.0/embed6648]
[iau.ae/wp-content/uploads/elementor/thumbs/hamid-akbari-pllwnqavv2l3nly1xasyb9jkutzac7ed9uwr706asw.jpg]
[iau.ae/chancellor-message/index.html]
[iau.ae/wp-json/oembed/1.0/embedaff0.json]
[iau.ae/wp-json/oembed/1.0/embed8c7e]
[iau.ae/vision-mission/index.html]
[iau.ae/wp-content/plugins/team-members/inc/img/links/email.png]
[iau.ae/wp-json/oembed/1.0/embedc3c9.json]
[iau.ae/wp-json/oembed/1.0/embed7cde]
[iau.ae/wp-content/uploads/2020/08/REZA-FADAYEVATAN.png]
[iau.ae/faculty-members/index.html]
[iau.ae/wp-json/oembed/1.0/embeda9b3.json]
[iau.ae/wp-json/oembed/1.0/embeda5e3]
[iau.ae/wp-content/uploads/2020/08/Mahzad-Zareifard.jpg]
[iau.ae/wp-content/plugins/team-members/inc/img/links/phone.png]
[iau.ae/wp-content/uploads/2020/08/jalal-merikhi.jpg]
[iau.ae/wp-content/uploads/2020/08/Sh-Bahadori-.jpg]
[iau.ae/wp-content/plugins/essential-addons-for-elementor-lite/assets/front-end/js/view/table-of-content.min7661.js]
[iau.ae/iau-staff/index.html]
[iau.ae/wp-json/oembed/1.0/embed7402.json]
[iau.ae/wp-json/oembed/1.0/embed914a]
[iau.ae/our-office-in-iran/index.html]
[iau.ae/wp-json/oembed/1.0/embed8cce.json]
[iau.ae/wp-json/oembed/1.0/embed1b73]
[iau.ae/iau-in-brief/index.html]
[iau.ae/wp-content/uploads/2020/08/photo_2018-10-17_11-44-07-s.jpg]
[iau.ae/wp-json/oembed/1.0/embede9ba.json]
[iau.ae/wp-json/oembed/1.0/embed6a01]
[iau.ae/wp-content/uploads/2020/08/photo_2018-10-17_11-44-07-s-768x512.jpg]
[iau.ae/wp-content/uploads/2020/08/photo_2018-10-17_11-44-24-s-768x512.jpg]
[iau.ae/wp-content/uploads/2020/08/photo_2018-10-17_11-44-31-s-768x576.jpg]
[iau.ae/wp-content/uploads/2020/08/photo_2018-10-17_11-44-38-s-768x576.jpg]
[iau.ae/wp-content/uploads/2020/08/photo_2018-10-17_11-44-44-s-768x512.jpg]
[iau.ae/wp-content/uploads/2020/08/photo_2018-10-17_11-44-56-s-768x512.jpg]
[iau.ae/iau-srb-hep-home/index.html]
[iau.ae/wp-content/uploads/2021/10/2693614.jpg]
[iau.ae/wp-content/uploads/2021/11/bm.jpg]
[iau.ae/wp-json/oembed/1.0/embed62b9.json]
[iau.ae/wp-json/oembed/1.0/embed73a3]
[iau.ae/sustainability-policy/index.html]
[iau.ae/wp-content/uploads/2021/11/DSC_6399-960x720.jpg]
[iau.ae/wp-json/oembed/1.0/embedaf7e.json]
[iau.ae/wp-json/oembed/1.0/embedfc78]
[iau.ae/wp-content/uploads/2022/03/expo-960x513.jpg]
[iau.ae/wp-content/uploads/2021/11/DSC_6417-960x720.jpg]
[iau.ae/wp-content/uploads/2022/03/career-fair-2-960x720.png]
[iau.ae/wp-content/uploads/2022/02/Career-Fair-1-960x666.jpg]
[iau.ae/wp-content/uploads/2021/01/8e74101-845x720.jpg]
[iau.ae/wp-content/uploads/2020/12/WhatsApp-Image-2020-12-07-at-10.31.31-AM-771x720.jpg]
[iau.ae/wp-content/uploads/2020/12/WhatsApp-Image-2020-12-06-at-10.36.32-AM-763x720.jpg]
[iau.ae/wp-content/uploads/2020/03/8-960x720.jpg]
[iau.ae/wp-content/uploads/2020/08/IAU-chancellors-Meeting-with-Robotic-960x525.jpg]
[iau.ae/wp-content/uploads/2020/08/iau32.jpg]
[iau.ae/wp-content/uploads/2022/03/webinars.jpg]
[iau.ae/wp-content/uploads/2022/03/expo.jpg]
[iau.ae/wp-content/uploads/2020/12/WhatsApp-Image-2020-12-07-at-10.31.31-AM-771x675.jpg]
[iau.ae/wp-content/uploads/2020/12/WhatsApp-Image-2020-12-07-at-10.31.31-AM-731x1024.jpg]
[iau.ae/news-events/index.html]
[iau.ae/wp-json/oembed/1.0/embed54cb.json]
[iau.ae/wp-json/oembed/1.0/embedf690]
[iau.ae/wp-content/uploads/2021/11/dr-maryam.mp4]
[iau.ae/wp-content/uploads/2021/11/dr-maryam.jpg]
[iau.ae/business-management/index.html]
[iau.ae/wp-json/oembed/1.0/embedf141.json]
[iau.ae/wp-json/oembed/1.0/embed0444]
[iau.ae/architecture-engineering/index.html]
[iau.ae/wp-content/uploads/2022/02/hands-table-during-businesslow.jpg]
[iau.ae/wp-json/oembed/1.0/embedf927.json]
[iau.ae/wp-json/oembed/1.0/embed14bf]
[iau.ae/master-of-business-administration/index.html]
[iau.ae/wp-content/uploads/2022/02/crop-architect-opening-lo.jpg]
[iau.ae/wp-json/oembed/1.0/embedc2bf.json]
[iau.ae/wp-json/oembed/1.0/embed05d5]
[iau.ae/master-of-architecture/index.html]
[iau.ae/wp-content/uploads/2022/02/llm.jpg]
[iau.ae/wp-json/oembed/1.0/embed5dd6.json]
[iau.ae/wp-json/oembed/1.0/embedf84d]
[iau.ae/master-of-law/index.html]
[iau.ae/wp-content/uploads/2022/02/businesspeople.jpg]
[iau.ae/wp-json/oembed/1.0/embed92ae.json]
[iau.ae/wp-json/oembed/1.0/embedd6af]
[iau.ae/management/index.html]
[iau.ae/wp-content/uploads/2022/02/main-qimg-8b512d99456efc538793e067af1bc82b.jpg]
[iau.ae/wp-json/oembed/1.0/embedca3f.json]
[iau.ae/wp-json/oembed/1.0/embeda046]
[iau.ae/architecture-urban-design/index.html]
[iau.ae/wp-content/uploads/2022/03/visa-gl.jpg]
[iau.ae/wp-json/oembed/1.0/embed01ef.json]
[iau.ae/wp-json/oembed/1.0/embedbfb9]
[iau.ae/wp-content/uploads/2022/03/portrait-confused-funny-girl-shrugging-her-shoulders-768x512.jpg]
[iau.ae/student-visa-application/index.html]
[iau.ae/wp-content/uploads/2022/03/academic.jpg]
[iau.ae/wp-json/oembed/1.0/embedf482.json]
[iau.ae/wp-json/oembed/1.0/embed1174]
[iau.ae/wp-content/uploads/2022/03/Administrativ3.jpg]
[iau.ae/current-vacancies/index.html]
[iau.ae/wp-content/uploads/2022/03/career.jpg.png]
[iau.ae/wp-json/oembed/1.0/embedf7a4.json]
[iau.ae/wp-json/oembed/1.0/embed6955]
[iau.ae/wp-content/uploads/2022/03/career.jpg-1024x1024.png]
[iau.ae/wp-content/uploads/2022/03/weakness.jpg-768x768.png]
[iau.ae/wp-content/uploads/2022/03/goals.jpeg-1024x1024.png]
[iau.ae/wp-content/uploads/2022/03/skills.jpg-1024x1024.png]
[iau.ae/wp-content/uploads/2022/03/skills-1024x1024.png]
[iau.ae/wp-content/plugins/forminator/assets/forminator-ui/js/select2.full.minb3a6.js]
[iau.ae/wp-content/plugins/forminator/assets/js/library/jquery.validate.minb3a6.js]
[iau.ae/wp-content/plugins/forminator/assets/forminator-ui/js/forminator-form.minb3a6.js]
[iau.ae/wp-content/plugins/forminator/build/front/front.multi.minb3a6.js]
[iau.ae/wp-content/plugins/forminator/assets/js/library/intlTelInput.minb3a6.js]
[iau.ae/wp-includes/js/dist/vendor/moment.min1bc8.js]
[iau.ae/wp-includes/js/jquery/ui/datepicker.min3f14.js]
[iau.ae/career-advising-sessions/index.html]
[iau.ae/wp-json/oembed/1.0/embed680b.json]
[iau.ae/wp-json/oembed/1.0/embedcce5]
[iau.ae/career-advising-workshops/index.html]
[iau.ae/wp-content/uploads/2022/03/excited-young-woman-got-idea-raising-finger-eureka-gesture-pointing-up-find-discover-something-interesting-standing-striped-tsh]
[iau.ae/wp-json/oembed/1.0/embedae22.json]
[iau.ae/wp-json/oembed/1.0/embedf41c]
[iau.ae/wp-content/uploads/2022/03/23.jpg]
[iau.ae/wp-content/uploads/2022/03/24.jpg]
[iau.ae/wp-content/uploads/2022/03/34.jpg]
[iau.ae/wp-content/uploads/2022/03/inter.jpg]
[iau.ae/wp-content/uploads/2022/03/cl.jpg]
[iau.ae/career-development/index.html]
[iau.ae/wp-content/uploads/2022/03/IMG_6268-768x1947.jpg]
[iau.ae/wp-json/oembed/1.0/embedb392.json]
[iau.ae/wp-json/oembed/1.0/embed2482]
[iau.ae/wp-content/plugins/elementor/assets/images/placeholder.png]
[iau.ae/quality-assurance/index.html]
[iau.ae/wp-content/uploads/2022/02/60847f40-a3b7-4ecb-a1aa-d95ebb7cdb9e-d6bdf08ca344.small_.jpg]
[iau.ae/wp-json/oembed/1.0/embed5465.json]
[iau.ae/wp-json/oembed/1.0/embed5fb5]
[iau.ae/course-design/index.html]
[iau.ae/wp-content/uploads/elementor/thumbs/DSC_0158-ox91ja7cjxejtonwrhj7e4gshmlsys23xrm51um6ky.jpg]
[iau.ae/wp-json/oembed/1.0/embed568a.json]
[iau.ae/wp-json/oembed/1.0/embed4c18]
[iau.ae/wp-content/uploads/elementor/thumbs/IAU-pkjrb5eiyff5ipkk5aa2w1t6u6wwzvwi8sl5nenw5o.jpg]
[iau.ae/wp-content/uploads/elementor/thumbs/DSC_0049-pkjrhc69y5w3yakz0gknszlfmiewo5gw3f78dzhl8y.jpg]
[iau.ae/wp-content/uploads/elementor/thumbs/IMG_1348-pkjrhe1ybtyolii8phdwxz4cta5n3jocroi7cjeswi.jpg]
[iau.ae/wp-content/uploads/elementor/thumbs/IMG_9291-pkjrhfxmpi198qfiei762yna01wdixvtfxt6b3c0k2.jpg]
[iau.ae/files/curriculum-evaluation-report.pdf]
[iau.ae/wellbeing/index.html]
[iau.ae/wp-content/uploads/elementor/thumbs/DSC_6004-pkjtvnopkg225574yrt9s7fbicydji5hynygyri1ua.jpg]
[iau.ae/wp-json/oembed/1.0/embeddf62.json]
[iau.ae/wp-json/oembed/1.0/embed583a]
[iau.ae/wp-content/uploads/elementor/thumbs/DSC_6005-pkjtvqi84y5x3z31ib15hoppaikh6lgoz1wxeldvbm.jpg]
[iau.ae/wp-content/uploads/elementor/thumbs/DSC_6030-pkjtvtbqpg9s2syy1u9176032o6ktorvzfvduf9osy.jpg]
[iau.ae/files/IAUguidlines.pdf]
[iau.ae/staff-wellbeing/index.html]
[iau.ae/wp-content/uploads/2022/02/photo_2022-02-15_23-07-03.jpg]
[iau.ae/wp-json/oembed/1.0/embedd1db.json]
[iau.ae/wp-json/oembed/1.0/embed5671]
[iau.ae/wp-content/uploads/2022/02/photo_2022-02-15_23-07-03-1024x682.jpg]
[iau.ae/wp-content/uploads/2022/02/abolfazl-ansari.jpg]
[iau.ae/wp-content/uploads/2022/02/ali-mirsadeghi.jpg]
[iau.ae/wp-content/uploads/2022/02/seirafi.jpg]
[iau.ae/wp-content/uploads/essential-addons-elementor/eael-1475cb49.js]
[iau.ae/alumni/index.html]
[iau.ae/wp-json/oembed/1.0/embede7f9.json]
[iau.ae/wp-json/oembed/1.0/embedb479]
[iau.ae/contact/index.html]
[iau.ae/world-wildlife-day-expo-event/feed/index.html]
[iau.ae/wp-json/oembed/1.0/embed1d53.json]
[iau.ae/wp-json/oembed/1.0/embed7c4c]
[iau.ae/wp-content/uploads/2022/03/expo.png]
[iau.ae/wp-content/uploads/2021/11/DSC_6399-1024x683.jpg]
[iau.ae/wp-content/uploads/2021/11/DSC_6417-1024x683.jpg]
[iau.ae/wp-content/uploads/2022/03/career-fair-2-768x1024.png]
[iau.ae/wp-includes/js/comment-reply.min9b2d.js]
[iau.ae/world-wildlife-day-expo-event/index.html]
[iau.ae/wp-content/uploads/2021/11/DSC_6399-scaled.jpg]
[iau.ae/industry-knowledge-sharing-workshop/feed/index.html]
[iau.ae/wp-json/oembed/1.0/embedd389.json]
[iau.ae/wp-json/oembed/1.0/embed15fa]
[iau.ae/wp-content/uploads/2021/11/DSC_6399-1200x675.jpg]
[iau.ae/industry-knowledge-sharing-workshop/index.html]
[iau.ae/wp-content/uploads/2021/11/DSC_6417.jpg]
[iau.ae/the-presence-of-the-consulate-general-of-the-islamic-republic-of-iran-dubai-at-the-islamic-azad-university-branch-uae/feed/index.html]
[iau.ae/wp-json/oembed/1.0/embed885e.json]
[iau.ae/wp-json/oembed/1.0/embed0f44]
[iau.ae/wp-content/uploads/2021/11/DSC_6417-1200x675.jpg]
[iau.ae/wp-content/uploads/2021/11/DSC_6415.jpg]
[iau.ae/wp-content/uploads/2021/11/DSC_6415-350x233.jpg]
[iau.ae/wp-content/uploads/2021/11/DSC_6439.jpg]
[iau.ae/wp-content/uploads/2021/11/DSC_6439-350x233.jpg]
[iau.ae/wp-content/uploads/2021/11/DSC_6417-350x233.jpg]
[iau.ae/wp-content/themes/betheme/js/plugins/isotope.min8dfd.js]
[iau.ae/the-presence-of-the-consulate-general-of-the-islamic-republic-of-iran-dubai-at-the-islamic-azad-university-branch-uae/index.html]
[iau.ae/wp-content/uploads/2022/03/career-fair-2.png]
[iau.ae/career-fair-ii/feed/index.html]
[iau.ae/wp-json/oembed/1.0/embedaec1.json]
[iau.ae/wp-json/oembed/1.0/embedfdb1]
[iau.ae/wp-content/uploads/2022/03/career-fair-2-1200x675.png]
[iau.ae/wp-content/uploads/2022/03/Career-fair-shedule-2-350x247.png]
[iau.ae/career-fair-ii/index.html]
[iau.ae/wp-content/uploads/2022/02/Career-Fair-1.jpg]
[iau.ae/iau-virtual-career-fair-attracts-numerous-opportunities-for-students-and-graduates/feed/index.html]
[iau.ae/wp-json/oembed/1.0/embed8d1e.json]
[iau.ae/wp-json/oembed/1.0/embedc930]
[iau.ae/wp-content/uploads/2022/02/Career-Fair-1-1024x474.jpg]
[iau.ae/wp-content/uploads/2022/02/Career-Fair-1-1200x666.jpg]
[iau.ae/wp-content/uploads/2022/03/virtual-career-fair-1024x683.jpg]
[iau.ae/iau-virtual-career-fair-attracts-numerous-opportunities-for-students-and-graduates/index.html]
[iau.ae/wp-content/uploads/2021/01/8e74101.jpg]
[iau.ae/wp-json/oembed/1.0/embed7e6d.json]
[iau.ae/the-7th-architecture-urban-development-and-civil-engineering-sustainability-symposium/feed/index.html]
[iau.ae/wp-json/oembed/1.0/embedf431]
[iau.ae/the-7th-architecture-urban-development-and-civil-engineering-sustainability-symposium/index.html]
[iau.ae/wp-content/plugins/sina-extension-for-elementor/assets/css/img/owl.video.play.png]
[iau.ae/wp-content/plugins/sina-extension-for-elementor/assets/css/owl.carousel.minedb1.css]
[iau.ae/wp-content/plugins/sina-extension-for-elementor/assets/css/animate-merge.minedb1.css]
[iau.ae/wp-content/plugins/sina-extension-for-elementor/assets/css/sina-widgets.minedb1.css]
[iau.ae/wp-content/uploads/betheme/css/post-6e561.css]
[iau.ae/wp-content/themes/betheme/functions/plugins/elementor/assets/elementor9b2d.css]
[iau.ae/wp-content/plugins/elementor/assets/lib/animations/animations.min9e95.css]
[iau.ae/wp-content/plugins/elementor/assets/lib/font-awesome/fonts/fontawesome-webfont3e6e.svg]
[iau.ae/wp-content/themes/betheme/fonts/mfn/icons4cdc.svg]
[iau.ae/wp-content/themes/betheme/muffin-options/svg/be-mono.svg]
[iau.ae/wp-content/themes/betheme/images/mask_shapes/circle.svg]
[iau.ae/wp-content/themes/betheme/images/mask_shapes/blob.svg]
[iau.ae/wp-content/themes/betheme/images/mask_shapes/blob-2.svg]
[iau.ae/wp-content/themes/betheme/images/mask_shapes/brush.svg]
[iau.ae/wp-content/themes/betheme/images/mask_shapes/brush-2.svg]
[iau.ae/wp-content/themes/betheme/images/mask_shapes/cross.svg]
[iau.ae/wp-content/themes/betheme/images/mask_shapes/stain.svg]
[iau.ae/wp-content/themes/betheme/images/mask_shapes/triangle.svg]
[iau.ae/wp-content/themes/betheme/images/mask_shapes/irregular-circle.svg]
[iau.ae/wp-content/themes/betheme/fonts/fontawesome/fa-brands-400.svg]
[iau.ae/wp-content/themes/betheme/fonts/fontawesome/fa-regular-400.svg]
[iau.ae/wp-content/themes/betheme/fonts/fontawesome/fa-solid-900.svg]
[iau.ae/wp-content/plugins/3d-flipbook-dflip-lite/assets/fonts/themify.svg]
[iau.ae/wp-content/plugins/elementor/assets/lib/eicons/fonts/eicons1075.svg]
[iau.ae/wp-content/plugins/elementor/assets/lib/font-awesome/webfonts/fa-brands-400.svg]
[iau.ae/wp-content/plugins/elementor/assets/lib/font-awesome/webfonts/fa-regular-400.svg]
[iau.ae/wp-content/plugins/elementor/assets/lib/font-awesome/webfonts/fa-solid-900.svg]
[iau.ae/wp-json/wp/v2/pages/437.json]
[iau.ae/index14c7.html]
[iau.ae/wp-content/uploads/elementor/css/post-4530996.css]
[iau.ae/wp-json/wp/v2/pages/453.json]
[iau.ae/index06d3.html]
[iau.ae/wp-json/wp/v2/pages/481.json]
[iau.ae/indexf705.html]
[iau.ae/wp-content/uploads/elementor/css/post-499c737.css]
[iau.ae/wp-json/wp/v2/pages/499.json]
[iau.ae/indexa862.html]
[iau.ae/wp-content/uploads/2022/02/horizontal-shot-abstract-buildings-lo.jpg]
[iau.ae/wp-content/uploads/elementor/css/post-5157055.css]
[iau.ae/wp-json/wp/v2/pages/515.json]
[iau.ae/indexd073.html]
[iau.ae/wp-content/plugins/essential-addons-for-elementor-lite/assets/front-end/css/view/table-of-content.min7661.css]
[iau.ae/wp-json/wp/v2/pages/526.json]
[iau.ae/index6a35.html]
[iau.ae/wp-json/wp/v2/pages/529.json]
[iau.ae/indexb25f.html]
[iau.ae/wp-content/uploads/elementor/css/post-532dc08.css]
[iau.ae/wp-json/wp/v2/pages/532.json]
[iau.ae/index0745.html]
[iau.ae/wp-content/uploads/elementor/css/post-1489896a.css]
[iau.ae/wp-json/wp/v2/pages/1489.json]
[iau.ae/index5907.html]
[iau.ae/wp-content/uploads/elementor/css/post-8f134.css]
[iau.ae/wp-json/wp/v2/pages/8.json]
[iau.ae/index2df4.html]
[iau.ae/wp-content/uploads/2020/12/WhatsApp-Image-2020-12-07-at-10.31.31-AM.jpg]
[iau.ae/پنجمین-کنفرانس-بین-المللی-مدیریت-صنعت/feed/index.html]
[iau.ae/wp-json/oembed/1.0/embed8c93.json]
[iau.ae/wp-json/oembed/1.0/embed85ee]
[iau.ae/پنجمین-کنفرانس-بین-المللی-مدیریت-صنعت/index.html]
[iau.ae/wp-content/uploads/2020/12/WhatsApp-Image-2020-12-06-at-10.36.32-AM.jpg]
[iau.ae/وبینار-تخصص-تاب-آوری-شهری-و-محیط-زیستی-ش/feed/index.html]
[iau.ae/wp-json/oembed/1.0/embedf953.json]
[iau.ae/wp-json/oembed/1.0/embed98df]
[iau.ae/wp-content/uploads/2020/12/WhatsApp-Image-2020-12-06-at-10.36.32-AM-723x1024.jpg]
[iau.ae/wp-content/uploads/2020/12/WhatsApp-Image-2020-12-06-at-10.36.32-AM-763x675.jpg]
[iau.ae/وبینار-تخصص-تاب-آوری-شهری-و-محیط-زیستی-ش/index.html]
[iau.ae/wp-content/uploads/2020/03/8.jpg]
[iau.ae/induction-day-for-the-students-from-the-khadeejah-kobra-school/feed/index.html]
[iau.ae/wp-json/oembed/1.0/embeddace.json]
[iau.ae/wp-json/oembed/1.0/embed7032]
[iau.ae/wp-content/uploads/2020/03/8-1024x682.jpg]
[iau.ae/wp-content/uploads/2020/03/8-1200x675.jpg]
[iau.ae/wp-content/uploads/2020/03/2.jpg]
[iau.ae/wp-content/uploads/2020/03/2-300x200.jpg]
[iau.ae/wp-content/uploads/2020/03/1.jpg]
[iau.ae/wp-content/uploads/2020/03/1-300x200.jpg]
[iau.ae/wp-content/uploads/2020/03/5.jpg]
[iau.ae/wp-content/uploads/2020/03/5-300x200.jpg]
[iau.ae/wp-content/uploads/2020/03/3.jpg]
[iau.ae/wp-content/uploads/2020/03/3-300x200.jpg]
[iau.ae/wp-content/uploads/2020/03/4.jpg]
[iau.ae/wp-content/uploads/2020/03/4-300x200.jpg]
[iau.ae/wp-content/uploads/2020/03/66.jpg]
[iau.ae/wp-content/uploads/2020/03/66-350x241.jpg]
[iau.ae/induction-day-for-the-students-from-the-khadeejah-kobra-school/index.html]
[iau.ae/wp-content/uploads/2020/08/IAU-chancellors-Meeting-with-Robotic.jpg]
[iau.ae/iau-chancellors-meeting-with-robotic-international-president-prof/feed/index.html]
[iau.ae/wp-json/oembed/1.0/embedcfa4.json]
[iau.ae/wp-json/oembed/1.0/embedef17]
[iau.ae/wp-content/uploads/2020/08/IAU-chancellors-Meeting-with-Robotic-1024x498.jpg]
[iau.ae/iau-chancellors-meeting-with-robotic-international-president-prof/index.html]
[iau.ae/diac-open-day-2018/feed/index.html]
[iau.ae/wp-json/oembed/1.0/embed58b8.json]
[iau.ae/wp-json/oembed/1.0/embed6d80]
[iau.ae/diac-open-day-2018/index.html]
[iau.ae/wp-json/oembed/1.0/embed38e1.json]
[iau.ae/wp-json/oembed/1.0/embed0e81]
[iau.ae/webinars/index.html]
[iau.ae/wp-content/uploads/betheme/css/post-8bc14.css]
[iau.ae/wp-content/uploads/elementor/css/post-5535bc1.css]
[iau.ae/wp-json/wp/v2/pages/553.json]
[iau.ae/indexa7b7.html]
[iau.ae/wp-content/uploads/2021/11/Architectural-Engineering-dubai.jpg]
[iau.ae/wp-content/uploads/2022/02/construction-low.jpg]
[iau.ae/wp-content/uploads/elementor/css/post-5570725.css]
[iau.ae/wp-json/wp/v2/pages/557.json]
[iau.ae/indexc9d1.html]
[iau.ae/wp-content/uploads/2022/02/diverse-businesspeople-having-low.jpg]
[iau.ae/wp-content/uploads/2020/05/ai-blog-single-5-2.jpg]
[iau.ae/wp-content/uploads/elementor/css/post-10702f52.css]
[iau.ae/wp-json/wp/v2/pages/1070.json]
[iau.ae/index327d.html]
[iau.ae/wp-content/uploads/2022/02/04_MONCLER_ROMA_HDR.jpg]
[iau.ae/wp-content/uploads/elementor/css/post-1092686a.css]
[iau.ae/wp-json/wp/v2/pages/1092.json]
[iau.ae/index3b75.html]
[iau.ae/wp-content/uploads/2022/02/Master-of-Law.jpg]
[iau.ae/wp-content/uploads/2022/02/gavel-book.jpg]
[iau.ae/wp-content/uploads/elementor/css/post-1133f094.css]
[iau.ae/wp-json/wp/v2/pages/1133.json]
[iau.ae/indexa6f6.html]
[iau.ae/wp-content/uploads/2022/02/Doctorate-of-Management.jpg]
[iau.ae/wp-content/uploads/2022/02/managment.jpg]
[iau.ae/wp-content/uploads/elementor/css/post-11665a03.css]
[iau.ae/wp-json/wp/v2/pages/1166.json]
[iau.ae/index7117.html]
[iau.ae/wp-content/uploads/2022/02/Kunming-Southern-and-Western-New-Towns_SAA-architects.jpg]
[iau.ae/wp-content/uploads/elementor/css/post-11485072.css]
[iau.ae/wp-json/wp/v2/pages/1148.json]
[iau.ae/index6ca6.html]
[iau.ae/wp-content/uploads/2022/03/6598.jpg]
[iau.ae/wp-content/uploads/2022/03/close-up-.jpg]
[iau.ae/wp-content/uploads/elementor/css/post-18006650.css]
[iau.ae/wp-content/plugins/elementor/assets/lib/font-awesome/css/regular.min52d5.css]
[iau.ae/wp-json/wp/v2/pages/1800.json]
[iau.ae/index638f.html]
[iau.ae/wp-content/uploads/betheme/css/post-180035ae.css]
[iau.ae/wp-content/uploads/elementor/css/post-120220e3.css]
[iau.ae/wp-json/wp/v2/pages/1202.json]
[iau.ae/indexd230.html]
[iau.ae/wp-json/oembed/1.0/embed9be8.json]
[iau.ae/wp-json/oembed/1.0/embed78ab]
[iau.ae/job-apply-now/index.html]
[iau.ae/wp-json/oembed/1.0/embed071c.json]
[iau.ae/wp-json/oembed/1.0/embed08f2]
[iau.ae/education-quality-assurance/index.html]
[iau.ae/wp-content/uploads/betheme/css/post-1202a368.css]
[iau.ae/wp-content/uploads/2022/03/beautiful-horizontal.jpg]
[iau.ae/wp-content/uploads/elementor/css/post-1711baa8.css]
[iau.ae/wp-json/wp/v2/pages/1711.json]
[iau.ae/indexd900.html]
[iau.ae/wp-content/uploads/forminator/css/style-22549b0e.css]
[iau.ae/wp-content/plugins/forminator/assets/forminator-ui/fonts/forminator-icons-font8782.eot]
[iau.ae/wp-content/plugins/forminator/assets/forminator-ui/fonts/forminator-icons-font8782.woff2]
[iau.ae/wp-content/plugins/forminator/assets/forminator-ui/fonts/forminator-icons-font8782.woff]
[iau.ae/wp-content/plugins/forminator/assets/forminator-ui/fonts/forminator-icons-font8782.ttf]
[iau.ae/wp-content/plugins/forminator/assets/forminator-ui/css/forminator-icons.minb3a6.css]
[iau.ae/wp-content/plugins/forminator/assets/forminator-ui/css/src/forminator-utilities.minb3a6.css]
[iau.ae/wp-content/plugins/forminator/assets/forminator-ui/css/src/grid/forminator-grid.open.minb3a6.css]
[iau.ae/wp-content/plugins/forminator/assets/forminator-ui/css/src/form/forminator-form-flat.base.minb3a6.css]
[iau.ae/wp-content/plugins/forminator/assets/forminator-ui/css/src/form/forminator-form-flat.select2.minb3a6.css]
[iau.ae/wp-content/plugins/forminator/assets/forminator-ui/css/src/form/forminator-form-flat.full.minb3a6.css]
[iau.ae/wp-content/plugins/forminator/assets/img/flags.png]
[iau.ae/wp-content/plugins/forminator/assets/img/flags@2x.png]
[iau.ae/wp-content/plugins/forminator/assets/css/intlTelInput.minfa0c.css]
[iau.ae/wp-includes/css/buttons.min9b2d.css]
[iau.ae/wp-content/uploads/betheme/css/post-17111b18.css]
[iau.ae/wp-content/uploads/2022/02/Career-Advising.jpg]
[iau.ae/wp-content/uploads/elementor/css/post-1719cd81.css]
[iau.ae/wp-json/wp/v2/pages/1719.json]
[iau.ae/index8042.html]
[iau.ae/wp-content/uploads/betheme/css/post-17191b18.css]
[iau.ae/wp-content/uploads/2022/03/skyscrapers.jpg]
[iau.ae/wp-content/uploads/elementor/css/post-1624a645.css]
[iau.ae/wp-json/wp/v2/pages/1624.json]
[iau.ae/index54ff.html]
[iau.ae/wp-json/oembed/1.0/embedec58.json]
[iau.ae/wp-json/oembed/1.0/embedac44]
[iau.ae/career-interview-tips/index.html]
[iau.ae/wp-json/oembed/1.0/embedc304.json]
[iau.ae/wp-json/oembed/1.0/embedc88a]
[iau.ae/cover-letter-openers/index.html]
[iau.ae/wp-content/uploads/essential-addons-elementor/eael-123737f0.css]
[iau.ae/wp-content/uploads/elementor/css/post-1237686a.css]
[iau.ae/wp-json/wp/v2/pages/1237.json]
[iau.ae/indexdc2c.html]
[iau.ae/wp-content/uploads/essential-addons-elementor/eael-123737f0.js]
[iau.ae/wp-content/uploads/essential-addons-elementor/eael-1578b9bf.css]
[iau.ae/wp-content/uploads/2022/02/course-design-r100.webp]
[iau.ae/wp-content/uploads/elementor/css/post-15785a74.css]
[iau.ae/wp-json/wp/v2/pages/1578.json]
[iau.ae/indexce54.html]
[iau.ae/wp-content/uploads/essential-addons-elementor/eael-1578b9bf.js]
[iau.ae/wp-content/uploads/elementor/css/post-133682ab.css]
[iau.ae/wp-json/wp/v2/pages/1336.json]
[iau.ae/index5c41.html]
[iau.ae/wp-content/uploads/elementor/css/post-13705b6f.css]
[iau.ae/wp-json/wp/v2/pages/1370.json]
[iau.ae/index8348.html]
[iau.ae/wp-content/uploads/essential-addons-elementor/eael-1475cb49.css]
[iau.ae/wp-content/uploads/elementor/css/post-147595bd.css]
[iau.ae/wp-json/wp/v2/pages/1475.json]
[iau.ae/indexd8a3.html]
[iau.ae/wp-content/uploads/2021/10/team-work-process-young-business-managers-crew-working-with-new-startup-project-labtop-wood-table-typing-keyboard-texting-messa]
[iau.ae/wp-content/uploads/2020/08/DSC_0998.jpg]
[iau.ae/wp-content/uploads/elementor/css/post-145b6f.css]
[iau.ae/wp-content/plugins/elementor/assets/lib/font-awesome/css/brands.min52d5.css]
[iau.ae/wp-json/wp/v2/pages/14.json]
[iau.ae/index0b69.html]
[iau.ae/wp-json/wp/v2/posts/1912.json]
[iau.ae/index50c0.html]
[iau.ae/wp-content/uploads/betheme/css/post-19128892.css]
[iau.ae/wp-json/wp/v2/posts/1841.json]
[iau.ae/indexb864.html]
[iau.ae/wp-content/uploads/betheme/css/post-1841e164.css]
[iau.ae/wp-json/wp/v2/posts/1028.json]
[iau.ae/indexc921.html]
[iau.ae/wp-content/uploads/betheme/css/post-10288464.css]
[iau.ae/wp-json/wp/v2/posts/1920.json]
[iau.ae/indexb347.html]
[iau.ae/wp-content/uploads/betheme/css/post-192058ac.css]
[iau.ae/wp-json/wp/v2/posts/1822.json]
[iau.ae/index762b.html]
[iau.ae/wp-content/uploads/betheme/css/post-18225c3d.css]
[iau.ae/wp-json/wp/v2/posts/719.json]
[iau.ae/indexd13e.html]
[iau.ae/wp-json/wp/v2/posts/708.json]
[iau.ae/index7a58.html]
[iau.ae/wp-json/wp/v2/posts/704.json]
[iau.ae/index5d09.html]
[iau.ae/wp-json/wp/v2/posts/470.json]
[iau.ae/index1beb.html]
[iau.ae/wp-json/wp/v2/posts/446.json]
[iau.ae/index4fd2.html]
[iau.ae/wp-json/wp/v2/posts/349.json]
[iau.ae/index601c.html]
[iau.ae/wp-json/wp/v2/pages/1854.json]
[iau.ae/indexff4d.html]
[iau.ae/wp-content/uploads/2022/02/Webinar-Architecture.png]
[iau.ae/wp-json/oembed/1.0/embede405.json]
[iau.ae/wp-json/oembed/1.0/embed78ba]
[iau.ae/wp-content/uploads/2022/02/Webinar-Architecture-350x350.png]
[iau.ae/wp-content/uploads/2022/02/PowerPoint-for-Webinar.pptx]
[iau.ae/architecture-engineering-2/index.html]
[iau.ae/wp-content/uploads/2022/02/Webinar-1.png]
[iau.ae/wp-json/oembed/1.0/embed7d7a.json]
[iau.ae/wp-json/oembed/1.0/embedb8d7]
[iau.ae/wp-content/uploads/2022/02/Webinar-1-350x350.png]
[iau.ae/wp-content/uploads/2022/02/PowerPoint-File-2.pptx]
[iau.ae/business-strategy/index.html]
[iau.ae/wp-content/uploads/2022/02/Webinar-Branding.png]
[iau.ae/wp-json/oembed/1.0/embed07cd.json]
[iau.ae/wp-json/oembed/1.0/embedeae2]
[iau.ae/wp-content/uploads/2022/02/Webinar-Branding-247x350.png]
[iau.ae/wp-content/uploads/2022/02/PowerPoint-File.pptx]
[iau.ae/branding/index.html]
[iau.ae/wp-content/uploads/2022/02/Purple-Modern-Business-Webinar-Instagram-Story-3.png]
[iau.ae/wp-json/oembed/1.0/embed4347.json]
[iau.ae/wp-json/oembed/1.0/embedc050]
[iau.ae/wp-content/uploads/2022/02/Purple-Modern-Business-Webinar-Instagram-Story-3-197x350.png]
[iau.ae/wp-content/uploads/2022/02/Resume-Writing-Webinar-1.pptx]
[iau.ae/resume-writing/index.html]
[iau.ae/wp-content/uploads/2022/02/Blue-Modern-Business-Conference-Flyer-3-1-1.png]
[iau.ae/wp-json/oembed/1.0/embedc2f2.json]
[iau.ae/wp-json/oembed/1.0/embed0578]
[iau.ae/wp-content/uploads/2022/02/Blue-Modern-Business-Conference-Flyer-3-1-1-247x350.png]
[iau.ae/wp-content/uploads/2022/02/PowerPoint-File-3.pptx]
[iau.ae/business-management-2/index.html]
[iau.ae/wp-content/uploads/betheme/css/post-18545ed4.css]
[iau.ae/wp-content/plugins/elementor/assets/mask-shapes/blob.svg]
[iau.ae/wp-content/uploads/elementor/css/post-21453b3c.css]
[iau.ae/wp-json/wp/v2/pages/2145.json]
[iau.ae/index3095.html]
[iau.ae/wp-content/uploads/betheme/css/post-2145497c.css]
[iau.ae/wp-content/uploads/elementor/css/post-21102367.css]
[iau.ae/wp-json/wp/v2/pages/2110.json]
[iau.ae/index2f60.html]
[iau.ae/wp-content/uploads/betheme/css/post-21100042.css]
[iau.ae/wp-content/plugins/forminator/assets/forminator-ui/fonts/forminator-icons-font8782.svg]
[iau.ae/wp-content/uploads/elementor/css/post-1791bfd2.css]
[iau.ae/wp-json/wp/v2/pages/1791.json]
[iau.ae/index639e.html]
[iau.ae/wp-content/uploads/betheme/css/post-17916cb6.css]
[iau.ae/wp-json/wp/v2/pages/2185.json]
[iau.ae/indexd1a6.html]
[iau.ae/wp-content/uploads/betheme/css/post-21856cb6.css]
[iau.ae/wp-content/uploads/img/bg.html]
[iau.ae/wp-json/wp/v2/pages/1857.json]
[iau.ae/index5d9e.html]
[iau.ae/wp-content/uploads/betheme/css/post-1857dee8.css]
[iau.ae/wp-json/wp/v2/pages/1881.json]
[iau.ae/index281b.html]
[iau.ae/wp-content/uploads/betheme/css/post-1881dee8.css]
[iau.ae/wp-json/wp/v2/pages/1870.json]
[iau.ae/index73a5.html]
[iau.ae/wp-content/uploads/betheme/css/post-1870dee8.css]
[iau.ae/wp-json/wp/v2/pages/1865.json]
[iau.ae/index64d2.html]
[iau.ae/wp-content/uploads/betheme/css/post-18653b4a.css]
[iau.ae/wp-json/wp/v2/pages/1886.json]
[iau.ae/index4913.html]
[iau.ae/wp-content/uploads/betheme/css/post-1886900c.css]
